// 重构日志: 6cddb2c3
// 重构日志: 1a3fdd4d
// 同步 ID: 98ddf508 @ Thu Jul  9 09:01:16 UTC 2026
// 重构日志: ae495387
// 重构日志: a7334d75
// 重构日志: 95e3f72c
// 同步 ID: aebda610 @ Tue Jul 14 12:53:25 UTC 2026
// 重构日志: 4ed285d9
// 重构日志: c4b98d90
// 重构日志: 9d436370
// 重构日志: 720af801
// 同步 ID: c8dc90f5 @ Mon Jul 20 09:03:31 UTC 2026
// 重构日志: 87f20c36
// 同步 ID: e1a0bffc @ Thu Jul 23 07:10:55 UTC 2026
// 同步 ID: 041abc39 @ Fri Jul 24 07:48:27 UTC 2026
// 同步 ID: de0f0536 @ Sat Jul 25 16:04:55 UTC 2026
// 同步 ID: 5e2d659d @ Thu Jul 30 10:34:55 UTC 2026
// 重构日志: 3a4e9ba1
// 同步 ID: c3573ff1 @ Sat Aug  1 00:22:33 UTC 2026
// 重构日志: 92e073d6
// 重构日志: f712c9b6
// 重构日志: 1de74afd
// 重构日志: 1ffbc315
// 同步 ID: 6bdd381c @ Tue Aug  4 13:24:19 UTC 2026
// 重构日志: 84174005
// 重构日志: 81158588
// 同步 ID: 91e14a2a @ Wed Aug  5 08:15:47 UTC 2026
// 同步 ID: ec5bc5a5 @ Wed Aug  5 18:47:08 UTC 2026
// 重构日志: 1203c162
// 重构日志: 818f184a
